%!Adobe-FontList 1.16
%Locale:0x409

%BeginFont
Handler:DirectoryHandler
FontType:TrueType
FontName:OpenSans-Bold
FamilyName:Open Sans
StyleName:Bold
FullName:Open Sans Bold
MenuName:Open Sans
StyleBits:2
WritingScript:Roman
OutlineFileName:C:\Git Sources\Mythic-Apps-Design-Assets\Fliers\General Interest Meeting\Document fonts\OpenSans-Bold.ttf
DataFormat:sfntData
FileLength:224592
FileModTime:1426559139
WeightClass:700
WidthClass:5
AngleClass:0
NameArray:0,Mac,4,Open Sans Bold
NameArray:0,Win,1,Open Sans
%EndFont

%BeginFont
Handler:DirectoryHandler
FontType:Type1
FontName:Yataghan-Regular
FamilyName:Yataghan
StyleName:Regular
FullName:Yataghan Regular
MenuName:Yataghan
StyleBits:0
WritingScript:Roman
OutlineFileName:C:\Git Sources\Mythic-Apps-Design-Assets\Fliers\General Interest Meeting\Document fonts\Yataghan-Regular.otf
DataFormat:sfntData
UsesStandardEncoding:yes
isCFF:yes
FileLength:30712
FileModTime:1424065708
WeightClass:400
WidthClass:5
AngleClass:0
NameArray:0,Mac,4,Yataghan Regular
NameArray:0,Win,1,Yataghan
%EndFont

